// Jest Snapshot v1, https://goo.gl/fbAQLP

exports[`<Skills /> should render the heading 1`] = `
<main
  class=""
>
  <h1>
    Skills
  </h1>
</main>
`;
